\BOOKMARK [1][-]{section.1}{\376\377\000I\000n\000t\000r\000o\000d\000u\000c\000t\000i\000o\000n}{}% 1
\BOOKMARK [2][-]{subsection.1.1}{\376\377\000C\000o\000n\000t\000e\000x\000t\000e\000\040\000H\000i\000s\000t\000o\000r\000i\000q\000u\000e\000\040\000e\000t\000\040\000M\000u\000s\000i\000c\000a\000l}{section.1}% 2
\BOOKMARK [2][-]{subsection.1.2}{\376\377\000O\000b\000j\000e\000c\000t\000i\000f\000s\000\040\000d\000u\000\040\000S\000y\000s\000t\000\350\000m\000e}{section.1}% 3
\BOOKMARK [1][-]{section.2}{\376\377\000A\000r\000c\000h\000i\000t\000e\000c\000t\000u\000r\000e\000\040\000d\000u\000\040\000S\000y\000s\000t\000\350\000m\000e}{}% 4
\BOOKMARK [2][-]{subsection.2.1}{\376\377\000V\000u\000e\000\040\000d\000'\000E\000n\000s\000e\000m\000b\000l\000e}{section.2}% 5
\BOOKMARK [2][-]{subsection.2.2}{\376\377\000C\000o\000m\000p\000o\000s\000a\000n\000t\000s\000\040\000P\000r\000i\000n\000c\000i\000p\000a\000u\000x}{section.2}% 6
\BOOKMARK [3][-]{subsubsection.2.2.1}{\376\377\000F\000l\000u\000t\000e\000D\000a\000t\000a\000\040\000e\000t\000\040\000F\000l\000u\000t\000e\000D\000a\000t\000a\000D\000B}{subsection.2.2}% 7
\BOOKMARK [3][-]{subsubsection.2.2.2}{\376\377\000F\000l\000u\000t\000e\000O\000p\000e\000r\000a\000t\000i\000o\000n\000s}{subsection.2.2}% 8
\BOOKMARK [3][-]{subsubsection.2.2.3}{\376\377\000F\000l\000u\000t\000e\000A\000n\000a\000l\000y\000z\000e\000r}{subsection.2.2}% 9
\BOOKMARK [3][-]{subsubsection.2.2.4}{\376\377\000I\000n\000t\000e\000r\000f\000a\000c\000e\000\040\000G\000r\000a\000p\000h\000i\000q\000u\000e\000\040\000U\000n\000i\000f\000i\000\351\000e}{subsection.2.2}% 10
\BOOKMARK [1][-]{section.3}{\376\377\000I\000n\000t\000\351\000g\000r\000a\000t\000i\000o\000n\000\040\000a\000v\000e\000c\000\040\000O\000p\000e\000n\000W\000i\000n\000d}{}% 11
\BOOKMARK [2][-]{subsection.3.1}{\376\377\000I\000n\000t\000r\000o\000d\000u\000c\000t\000i\000o\000n\000\040\000\340\000\040\000O\000p\000e\000n\000W\000i\000n\000d}{section.3}% 12
\BOOKMARK [2][-]{subsection.3.2}{\376\377\000M\000o\000d\000\350\000l\000e\000\040\000P\000h\000y\000s\000i\000q\000u\000e}{section.3}% 13
\BOOKMARK [3][-]{subsubsection.3.2.1}{\376\377\000\311\000q\000u\000a\000t\000i\000o\000n\000s\000\040\000d\000e\000\040\000C\000o\000n\000t\000i\000n\000u\000i\000t\000\351\000\040\000e\000t\000\040\000d\000e\000\040\000Q\000u\000a\000n\000t\000i\000t\000\351\000\040\000d\000e\000\040\000M\000o\000u\000v\000e\000m\000e\000n\000t}{subsection.3.2}% 14
\BOOKMARK [3][-]{subsubsection.3.2.2}{\376\377\000\311\000q\000u\000a\000t\000i\000o\000n\000\040\000d\000'\000\311\000t\000a\000t}{subsection.3.2}% 15
\BOOKMARK [3][-]{subsubsection.3.2.3}{\376\377\000\311\000q\000u\000a\000t\000i\000o\000n\000\040\000d\000e\000\040\000H\000e\000l\000m\000h\000o\000l\000t\000z}{subsection.3.2}% 16
\BOOKMARK [2][-]{subsection.3.3}{\376\377\000C\000o\000n\000f\000i\000g\000u\000r\000a\000t\000i\000o\000n\000\040\000d\000u\000\040\000M\000o\000d\000\350\000l\000e\000\040\000p\000o\000u\000r\000\040\000F\000l\000\373\000t\000e\000\040\000T\000r\000a\000v\000e\000r\000s\000i\000\350\000r\000e}{section.3}% 17
\BOOKMARK [3][-]{subsubsection.3.3.1}{\376\377\000P\000l\000a\000y\000e\000r\000\050\000"\000F\000L\000U\000T\000E\000"\000\051}{subsection.3.3}% 18
\BOOKMARK [3][-]{subsubsection.3.3.2}{\376\377\000C\000o\000n\000s\000t\000r\000u\000c\000t\000i\000o\000n\000\040\000d\000e\000\040\000l\000a\000\040\000G\000\351\000o\000m\000\351\000t\000r\000i\000e}{subsection.3.3}% 19
\BOOKMARK [3][-]{subsubsection.3.3.3}{\376\377\000T\000r\000o\000u\000s\000\040\000L\000a\000t\000\351\000r\000a\000u\000x}{subsection.3.3}% 20
\BOOKMARK [3][-]{subsubsection.3.3.4}{\376\377\000C\000a\000l\000c\000u\000l\000\040\000d\000'\000I\000m\000p\000\351\000d\000a\000n\000c\000e}{subsection.3.3}% 21
\BOOKMARK [3][-]{subsubsection.3.3.5}{\376\377\000F\000r\000\351\000q\000u\000e\000n\000c\000e\000s\000\040\000d\000'\000A\000n\000t\000i\000r\000\351\000s\000o\000n\000a\000n\000c\000e}{subsection.3.3}% 22
\BOOKMARK [1][-]{section.4}{\376\377\000M\000e\000s\000u\000r\000e\000s\000\040\000A\000c\000o\000u\000s\000t\000i\000q\000u\000e\000s}{}% 23
\BOOKMARK [2][-]{subsection.4.1}{\376\377\000I\000n\000h\000a\000r\000m\000o\000n\000i\000c\000i\000t\000\351}{section.4}% 24
\BOOKMARK [3][-]{subsubsection.4.1.1}{\376\377\000D\000\351\000f\000i\000n\000i\000t\000i\000o\000n\000\040\000e\000t\000\040\000D\000\351\000r\000i\000v\000a\000t\000i\000o\000n}{subsection.4.1}% 25
\BOOKMARK [3][-]{subsubsection.4.1.2}{\376\377\000D\000\351\000r\000i\000v\000a\000t\000i\000o\000n\000\040\000C\000o\000m\000p\000l\000\350\000t\000e}{subsection.4.1}% 26
\BOOKMARK [3][-]{subsubsection.4.1.3}{\376\377\000I\000n\000t\000e\000r\000p\000r\000\351\000t\000a\000t\000i\000o\000n\000\040\000P\000h\000y\000s\000i\000q\000u\000e}{subsection.4.1}% 27
\BOOKMARK [2][-]{subsection.4.2}{\376\377\000M\000O\000C\000\040\000\050\000C\000o\000m\000p\000r\000e\000s\000s\000i\000o\000n\000\040\000M\000o\000d\000a\000l\000e\000\040\000d\000'\000O\000c\000t\000a\000v\000e\000\051}{section.4}% 28
\BOOKMARK [3][-]{subsubsection.4.2.1}{\376\377\000D\000\351\000f\000i\000n\000i\000t\000i\000o\000n\000\040\000e\000t\000\040\000C\000o\000n\000t\000e\000x\000t\000e\000\040\000P\000h\000y\000s\000i\000q\000u\000e}{subsection.4.2}% 29
\BOOKMARK [3][-]{subsubsection.4.2.2}{\376\377\000D\000\351\000r\000i\000v\000a\000t\000i\000o\000n\000\040\000C\000o\000m\000p\000l\000\350\000t\000e}{subsection.4.2}% 30
\BOOKMARK [3][-]{subsubsection.4.2.3}{\376\377\000I\000n\000t\000e\000r\000p\000r\000\351\000t\000a\000t\000i\000o\000n\000\040\000P\000h\000y\000s\000i\000q\000u\000e}{subsection.4.2}% 31
\BOOKMARK [2][-]{subsection.4.3}{\376\377\000B\000I\000\040\000\050\000B\000i\000a\000i\000s\000\040\000d\000e\000\040\000l\000a\000\040\000P\000r\000e\000m\000i\000\350\000r\000e\000\040\000O\000c\000t\000a\000v\000e\000\051}{section.4}% 32
\BOOKMARK [3][-]{subsubsection.4.3.1}{\376\377\000D\000\351\000f\000i\000n\000i\000t\000i\000o\000n}{subsection.4.3}% 33
\BOOKMARK [3][-]{subsubsection.4.3.2}{\376\377\000D\000\351\000r\000i\000v\000a\000t\000i\000o\000n\000\040\000d\000e\000p\000u\000i\000s\000\040\000l\000a\000\040\000T\000h\000\351\000o\000r\000i\000e\000\040\000d\000e\000\040\000L\000o\000n\000g\000u\000e\000u\000r\000\040\000E\000f\000f\000e\000c\000t\000i\000v\000e}{subsection.4.3}% 34
\BOOKMARK [3][-]{subsubsection.4.3.3}{\376\377\000I\000n\000t\000e\000r\000p\000r\000\351\000t\000a\000t\000i\000o\000n}{subsection.4.3}% 35
\BOOKMARK [2][-]{subsection.4.4}{\376\377\000E\000S\000P\000E\000\040\000\050\000E\000x\000t\000e\000n\000s\000i\000o\000n\000\040\000E\000f\000f\000e\000c\000t\000i\000v\000e\000\040\000d\000u\000\040\000C\000h\000e\000m\000i\000n\000\040\000S\000o\000n\000o\000r\000e\000\051}{section.4}% 36
\BOOKMARK [3][-]{subsubsection.4.4.1}{\376\377\000D\000\351\000f\000i\000n\000i\000t\000i\000o\000n}{subsection.4.4}% 37
\BOOKMARK [3][-]{subsubsection.4.4.2}{\376\377\000D\000\351\000r\000i\000v\000a\000t\000i\000o\000n\000\040\000C\000o\000m\000p\000l\000\350\000t\000e}{subsection.4.4}% 38
\BOOKMARK [3][-]{subsubsection.4.4.3}{\376\377\000I\000n\000t\000e\000r\000p\000r\000\351\000t\000a\000t\000i\000o\000n\000\040\000P\000h\000y\000s\000i\000q\000u\000e}{subsection.4.4}% 39
\BOOKMARK [2][-]{subsection.4.5}{\376\377\000F\000a\000c\000t\000e\000u\000r\000\040\000d\000e\000\040\000Q\000u\000a\000l\000i\000t\000\351\000\040\000Q}{section.4}% 40
\BOOKMARK [3][-]{subsubsection.4.5.1}{\376\377\000D\000\351\000f\000i\000n\000i\000t\000i\000o\000n}{subsection.4.5}% 41
\BOOKMARK [3][-]{subsubsection.4.5.2}{\376\377\000D\000\351\000r\000i\000v\000a\000t\000i\000o\000n\000\040\000d\000e\000p\000u\000i\000s\000\040\000l\000a\000\040\000T\000h\000\351\000o\000r\000i\000e\000\040\000d\000e\000s\000\040\000R\000\351\000s\000o\000n\000a\000t\000e\000u\000r\000s}{subsection.4.5}% 42
\BOOKMARK [3][-]{subsubsection.4.5.3}{\376\377\000I\000n\000t\000e\000r\000p\000r\000\351\000t\000a\000t\000i\000o\000n}{subsection.4.5}% 43
\BOOKMARK [2][-]{subsection.4.6}{\376\377\000F\000r\000\351\000q\000u\000e\000n\000c\000e\000s\000\040\000d\000e\000\040\000R\000\351\000s\000o\000n\000a\000n\000c\000e\000\040\000v\000s\000\040\000T\000e\000m\000p\000\351\000r\000a\000m\000e\000n\000t\000\040\000\311\000g\000a\000l}{section.4}% 44
\BOOKMARK [3][-]{subsubsection.4.6.1}{\376\377\000D\000\351\000f\000i\000n\000i\000t\000i\000o\000n}{subsection.4.6}% 45
\BOOKMARK [3][-]{subsubsection.4.6.2}{\376\377\000D\000\351\000r\000i\000v\000a\000t\000i\000o\000n\000\040\000d\000u\000\040\000T\000e\000m\000p\000\351\000r\000a\000m\000e\000n\000t\000\040\000\311\000g\000a\000l}{subsection.4.6}% 46
\BOOKMARK [3][-]{subsubsection.4.6.3}{\376\377\000C\000a\000l\000c\000u\000l\000\040\000d\000e\000\040\000D\000\351\000v\000i\000a\000t\000i\000o\000n}{subsection.4.6}% 47
\BOOKMARK [3][-]{subsubsection.4.6.4}{\376\377\000I\000n\000t\000e\000r\000p\000r\000\351\000t\000a\000t\000i\000o\000n}{subsection.4.6}% 48
\BOOKMARK [2][-]{subsection.4.7}{\376\377\000H\000a\000u\000t\000e\000u\000r\000\040\000d\000e\000s\000\040\000P\000i\000c\000s\000\040\000d\000'\000A\000d\000m\000i\000t\000t\000a\000n\000c\000e}{section.4}% 49
\BOOKMARK [3][-]{subsubsection.4.7.1}{\376\377\000D\000\351\000f\000i\000n\000i\000t\000i\000o\000n}{subsection.4.7}% 50
\BOOKMARK [3][-]{subsubsection.4.7.2}{\376\377\000R\000e\000l\000a\000t\000i\000o\000n\000\040\000a\000v\000e\000c\000\040\000l\000a\000\040\000F\000a\000c\000i\000l\000i\000t\000\351\000\040\000d\000'\000\311\000m\000i\000s\000s\000i\000o\000n}{subsection.4.7}% 51
\BOOKMARK [2][-]{subsection.4.8}{\376\377\000R\000a\000p\000p\000o\000r\000t\000\040\000H\000a\000r\000m\000o\000n\000i\000q\000u\000e\000s\000\040\000P\000a\000i\000r\000s\000/\000I\000m\000p\000a\000i\000r\000s}{section.4}% 52
\BOOKMARK [3][-]{subsubsection.4.8.1}{\376\377\000D\000\351\000f\000i\000n\000i\000t\000i\000o\000n}{subsection.4.8}% 53
\BOOKMARK [3][-]{subsubsection.4.8.2}{\376\377\000C\000a\000l\000c\000u\000l\000\040\000d\000e\000p\000u\000i\000s\000\040\000l\000'\000A\000d\000m\000i\000t\000t\000a\000n\000c\000e}{subsection.4.8}% 54
\BOOKMARK [3][-]{subsubsection.4.8.3}{\376\377\000I\000n\000t\000e\000r\000p\000r\000\351\000t\000a\000t\000i\000o\000n\000\040\000M\000u\000s\000i\000c\000a\000l\000e}{subsection.4.8}% 55
\BOOKMARK [2][-]{subsection.4.9}{\376\377\000C\000o\000h\000\351\000r\000e\000n\000c\000e\000\040\000d\000e\000\040\000P\000h\000a\000s\000e}{section.4}% 56
\BOOKMARK [3][-]{subsubsection.4.9.1}{\376\377\000D\000\351\000f\000i\000n\000i\000t\000i\000o\000n}{subsection.4.9}% 57
\BOOKMARK [3][-]{subsubsection.4.9.2}{\376\377\000R\000e\000l\000a\000t\000i\000o\000n\000\040\000a\000v\000e\000c\000\040\000l\000a\000\040\000C\000l\000a\000r\000t\000\351\000\040\000d\000u\000\040\000S\000o\000n}{subsection.4.9}% 58
\BOOKMARK [2][-]{subsection.4.10}{\376\377\000S\000t\000a\000b\000i\000l\000i\000t\000\351\000\040\000d\000e\000\040\000H\000a\000u\000t\000e\000u\000r}{section.4}% 59
\BOOKMARK [3][-]{subsubsection.4.10.1}{\376\377\000D\000\351\000f\000i\000n\000i\000t\000i\000o\000n}{subsection.4.10}% 60
\BOOKMARK [3][-]{subsubsection.4.10.2}{\376\377\000D\000\351\000r\000i\000v\000a\000t\000i\000o\000n}{subsection.4.10}% 61
\BOOKMARK [3][-]{subsubsection.4.10.3}{\376\377\000I\000n\000t\000e\000r\000p\000r\000\351\000t\000a\000t\000i\000o\000n}{subsection.4.10}% 62
\BOOKMARK [2][-]{subsection.4.11}{\376\377\000F\000r\000\351\000q\000u\000e\000n\000c\000e\000\040\000d\000e\000\040\000C\000o\000u\000p\000u\000r\000e}{section.4}% 63
\BOOKMARK [3][-]{subsubsection.4.11.1}{\376\377\000D\000\351\000f\000i\000n\000i\000t\000i\000o\000n}{subsection.4.11}% 64
\BOOKMARK [3][-]{subsubsection.4.11.2}{\376\377\000I\000n\000t\000e\000r\000p\000r\000\351\000t\000a\000t\000i\000o\000n\000\040\000P\000h\000y\000s\000i\000q\000u\000e}{subsection.4.11}% 65
\BOOKMARK [1][-]{section.5}{\376\377\000V\000i\000s\000u\000a\000l\000i\000s\000a\000t\000i\000o\000n\000s}{}% 66
\BOOKMARK [2][-]{subsection.5.1}{\376\377\000V\000i\000s\000u\000a\000l\000i\000s\000a\000t\000i\000o\000n\000\040\0002\000D}{section.5}% 67
\BOOKMARK [3][-]{subsubsection.5.1.1}{\376\377\000P\000r\000o\000f\000i\000l\000\040\000P\000h\000y\000s\000i\000q\000u\000e}{subsection.5.1}% 68
\BOOKMARK [3][-]{subsubsection.5.1.2}{\376\377\000P\000r\000o\000f\000i\000l\000\040\000A\000c\000o\000u\000s\000t\000i\000q\000u\000e}{subsection.5.1}% 69
\BOOKMARK [1][-]{section.6}{\376\377\000\311\000t\000u\000d\000e\000s\000\040\000d\000e\000\040\000C\000a\000s}{}% 70
\BOOKMARK [2][-]{subsection.6.1}{\376\377\000C\000a\000s\000\040\0001\000:\000\040\000A\000n\000a\000l\000y\000s\000e\000\040\000d\000'\000u\000n\000e\000\040\000F\000l\000\373\000t\000e\000\040\000H\000i\000s\000t\000o\000r\000i\000q\000u\000e}{section.6}% 71
\BOOKMARK [2][-]{subsection.6.2}{\376\377\000C\000a\000s\000\040\0002\000:\000\040\000C\000o\000m\000p\000a\000r\000a\000i\000s\000o\000n\000\040\000d\000e\000\040\000D\000e\000u\000x\000\040\000F\000l\000\373\000t\000e\000s}{section.6}% 72
\BOOKMARK [2][-]{subsection.6.3}{\376\377\000C\000a\000s\000\040\0003\000:\000\040\000O\000p\000t\000i\000m\000i\000s\000a\000t\000i\000o\000n\000\040\000d\000e\000\040\000C\000o\000n\000c\000e\000p\000t\000i\000o\000n}{section.6}% 73
\BOOKMARK [1][-]{section.7}{\376\377\000B\000a\000s\000e\000\040\000d\000e\000\040\000D\000o\000n\000n\000\351\000e\000s}{}% 74
\BOOKMARK [2][-]{subsection.7.1}{\376\377\000S\000c\000h\000\351\000m\000a}{section.7}% 75
\BOOKMARK [2][-]{subsection.7.2}{\376\377\000O\000p\000t\000i\000m\000i\000s\000a\000t\000i\000o\000n}{section.7}% 76
\BOOKMARK [1][-]{section.8}{\376\377\000O\000u\000t\000i\000l\000s\000\040\000A\000d\000d\000i\000t\000i\000o\000n\000n\000e\000l\000s}{}% 77
\BOOKMARK [2][-]{subsection.8.1}{\376\377\000\311\000d\000i\000t\000e\000u\000r\000\040\000d\000e\000\040\000G\000\351\000o\000m\000\351\000t\000r\000i\000e}{section.8}% 78
\BOOKMARK [2][-]{subsection.8.2}{\376\377\000G\000\351\000n\000\351\000r\000a\000t\000i\000o\000n\000\040\000d\000e\000\040\000C\000o\000d\000e\000\040\000G}{section.8}% 79
\BOOKMARK [2][-]{subsection.8.3}{\376\377\000P\000l\000a\000n\000s\000\040\000d\000'\000I\000n\000g\000\351\000n\000i\000e\000r\000i\000e}{section.8}% 80
