\BOOKMARK [1][-]{section.1}{\376\377\000I\000n\000t\000r\000o\000d\000u\000c\000c\000i\000\363\000n\000\040\000/\000\040\000I\000n\000t\000r\000o\000d\000u\000c\000t\000i\000o\000n}{}% 1
\BOOKMARK [2][-]{subsection.1.1}{\376\377\000C\000o\000n\000t\000e\000x\000t\000o\000\040\000H\000i\000s\000t\000\363\000r\000i\000c\000o\000\040\000y\000\040\000M\000u\000s\000i\000c\000a\000l}{section.1}% 2
\BOOKMARK [2][-]{subsection.1.2}{\376\377\000C\000o\000n\000t\000e\000x\000t\000e\000\040\000H\000i\000s\000t\000o\000r\000i\000q\000u\000e\000\040\000e\000t\000\040\000M\000u\000s\000i\000c\000a\000l}{section.1}% 3
\BOOKMARK [2][-]{subsection.1.3}{\376\377\000O\000b\000j\000e\000t\000i\000v\000o\000s\000\040\000d\000e\000l\000\040\000S\000i\000s\000t\000e\000m\000a}{section.1}% 4
\BOOKMARK [2][-]{subsection.1.4}{\376\377\000O\000b\000j\000e\000c\000t\000i\000f\000s\000\040\000d\000u\000\040\000S\000y\000s\000t\000\350\000m\000e}{section.1}% 5
\BOOKMARK [1][-]{section.2}{\376\377\000A\000r\000q\000u\000i\000t\000e\000c\000t\000u\000r\000a\000\040\000d\000e\000l\000\040\000S\000i\000s\000t\000e\000m\000a\000\040\000/\000\040\000A\000r\000c\000h\000i\000t\000e\000c\000t\000u\000r\000e\000\040\000d\000u\000\040\000S\000y\000s\000t\000\350\000m\000e}{}% 6
\BOOKMARK [2][-]{subsection.2.1}{\376\377\000V\000i\000s\000i\000\363\000n\000\040\000G\000e\000n\000e\000r\000a\000l}{section.2}% 7
\BOOKMARK [2][-]{subsection.2.2}{\376\377\000V\000u\000e\000\040\000d\000'\000E\000n\000s\000e\000m\000b\000l\000e}{section.2}% 8
\BOOKMARK [2][-]{subsection.2.3}{\376\377\000C\000o\000m\000p\000o\000n\000e\000n\000t\000e\000s\000\040\000P\000r\000i\000n\000c\000i\000p\000a\000l\000e\000s}{section.2}% 9
\BOOKMARK [3][-]{subsubsection.2.3.1}{\376\377\000F\000l\000u\000t\000e\000D\000a\000t\000a\000\040\000y\000\040\000F\000l\000u\000t\000e\000D\000a\000t\000a\000D\000B}{subsection.2.3}% 10
\BOOKMARK [3][-]{subsubsection.2.3.2}{\376\377\000F\000l\000u\000t\000e\000D\000a\000t\000a\000\040\000e\000t\000\040\000F\000l\000u\000t\000e\000D\000a\000t\000a\000D\000B}{subsection.2.3}% 11
\BOOKMARK [3][-]{subsubsection.2.3.3}{\376\377\000F\000l\000u\000t\000e\000O\000p\000e\000r\000a\000t\000i\000o\000n\000s}{subsection.2.3}% 12
\BOOKMARK [3][-]{subsubsection.2.3.4}{\376\377\000F\000l\000u\000t\000e\000A\000n\000a\000l\000y\000z\000e\000r}{subsection.2.3}% 13
\BOOKMARK [3][-]{subsubsection.2.3.5}{\376\377\000I\000n\000t\000e\000r\000f\000a\000z\000\040\000G\000r\000\341\000f\000i\000c\000a\000\040\000U\000n\000i\000f\000i\000c\000a\000d\000a}{subsection.2.3}% 14
\BOOKMARK [1][-]{section.3}{\376\377\000I\000n\000t\000e\000g\000r\000a\000c\000i\000\363\000n\000\040\000c\000o\000n\000\040\000O\000p\000e\000n\000W\000i\000n\000d\000\040\000/\000\040\000I\000n\000t\000\351\000g\000r\000a\000t\000i\000o\000n\000\040\000a\000v\000e\000c\000\040\000O\000p\000e\000n\000W\000i\000n\000d}{}% 15
\BOOKMARK [2][-]{subsection.3.1}{\376\377\000I\000n\000t\000r\000o\000d\000u\000c\000c\000i\000\363\000n\000\040\000a\000\040\000O\000p\000e\000n\000W\000i\000n\000d}{section.3}% 16
\BOOKMARK [2][-]{subsection.3.2}{\376\377\000I\000n\000t\000r\000o\000d\000u\000c\000t\000i\000o\000n\000\040\000\340\000\040\000O\000p\000e\000n\000W\000i\000n\000d}{section.3}% 17
\BOOKMARK [2][-]{subsection.3.3}{\376\377\000M\000o\000d\000e\000l\000o\000\040\000F\000\355\000s\000i\000c\000o}{section.3}% 18
\BOOKMARK [3][-]{subsubsection.3.3.1}{\376\377\000E\000c\000u\000a\000c\000i\000o\000n\000e\000s\000\040\000d\000e\000\040\000C\000o\000n\000t\000i\000n\000u\000i\000d\000a\000d\000\040\000y\000\040\000M\000o\000m\000e\000n\000t\000u\000m}{subsection.3.3}% 19
\BOOKMARK [3][-]{subsubsection.3.3.2}{\376\377\000E\000c\000u\000a\000c\000i\000\363\000n\000\040\000d\000e\000\040\000E\000s\000t\000a\000d\000o}{subsection.3.3}% 20
\BOOKMARK [3][-]{subsubsection.3.3.3}{\376\377\000E\000c\000u\000a\000c\000i\000\363\000n\000\040\000d\000e\000\040\000H\000e\000l\000m\000h\000o\000l\000t\000z}{subsection.3.3}% 21
\BOOKMARK [2][-]{subsection.3.4}{\376\377\000M\000o\000d\000\350\000l\000e\000\040\000P\000h\000y\000s\000i\000q\000u\000e}{section.3}% 22
\BOOKMARK [3][-]{subsubsection.3.4.1}{\376\377\000\311\000q\000u\000a\000t\000i\000o\000n\000s\000\040\000d\000e\000\040\000C\000o\000n\000t\000i\000n\000u\000i\000t\000\351\000\040\000e\000t\000\040\000d\000e\000\040\000Q\000u\000a\000n\000t\000i\000t\000\351\000\040\000d\000e\000\040\000M\000o\000u\000v\000e\000m\000e\000n\000t}{subsection.3.4}% 23
\BOOKMARK [3][-]{subsubsection.3.4.2}{\376\377\000\311\000q\000u\000a\000t\000i\000o\000n\000\040\000d\000'\000\311\000t\000a\000t}{subsection.3.4}% 24
\BOOKMARK [3][-]{subsubsection.3.4.3}{\376\377\000\311\000q\000u\000a\000t\000i\000o\000n\000\040\000d\000e\000\040\000H\000e\000l\000m\000h\000o\000l\000t\000z}{subsection.3.4}% 25
\BOOKMARK [2][-]{subsection.3.5}{\376\377\000C\000o\000n\000f\000i\000g\000u\000r\000a\000c\000i\000\363\000n\000\040\000d\000e\000l\000\040\000M\000o\000d\000e\000l\000o\000\040\000p\000a\000r\000a\000\040\000F\000l\000a\000u\000t\000a\000\040\000T\000r\000a\000v\000e\000r\000s\000a}{section.3}% 26
\BOOKMARK [3][-]{subsubsection.3.5.1}{\376\377\000P\000l\000a\000y\000e\000r\000\050\000"\000F\000L\000U\000T\000E\000"\000\051}{subsection.3.5}% 27
\BOOKMARK [3][-]{subsubsection.3.5.2}{\376\377\000C\000o\000n\000s\000t\000r\000u\000c\000c\000i\000\363\000n\000\040\000d\000e\000\040\000l\000a\000\040\000G\000e\000o\000m\000e\000t\000r\000\355\000a}{subsection.3.5}% 28
\BOOKMARK [3][-]{subsubsection.3.5.3}{\376\377\000A\000g\000u\000j\000e\000r\000o\000s\000\040\000L\000a\000t\000e\000r\000a\000l\000e\000s}{subsection.3.5}% 29
\BOOKMARK [3][-]{subsubsection.3.5.4}{\376\377\000C\000\341\000l\000c\000u\000l\000o\000\040\000d\000e\000\040\000I\000m\000p\000e\000d\000a\000n\000c\000i\000a}{subsection.3.5}% 30
\BOOKMARK [3][-]{subsubsection.3.5.5}{\376\377\000F\000r\000e\000c\000u\000e\000n\000c\000i\000a\000s\000\040\000d\000e\000\040\000A\000n\000t\000i\000r\000e\000s\000o\000n\000a\000n\000c\000i\000a}{subsection.3.5}% 31
\BOOKMARK [2][-]{subsection.3.6}{\376\377\000C\000o\000n\000f\000i\000g\000u\000r\000a\000t\000i\000o\000n\000\040\000d\000u\000\040\000M\000o\000d\000\350\000l\000e\000\040\000p\000o\000u\000r\000\040\000F\000l\000\373\000t\000e\000\040\000T\000r\000a\000v\000e\000r\000s\000i\000\350\000r\000e}{section.3}% 32
\BOOKMARK [3][-]{subsubsection.3.6.1}{\376\377\000P\000l\000a\000y\000e\000r\000\050\000"\000F\000L\000U\000T\000E\000"\000\051}{subsection.3.6}% 33
\BOOKMARK [1][-]{section.4}{\376\377\000M\000e\000d\000i\000c\000i\000o\000n\000e\000s\000\040\000A\000c\000\372\000s\000t\000i\000c\000a\000s\000\040\000/\000\040\000M\000e\000s\000u\000r\000e\000s\000\040\000A\000c\000o\000u\000s\000t\000i\000q\000u\000e\000s}{}% 34
\BOOKMARK [2][-]{subsection.4.1}{\376\377\000I\000n\000h\000a\000r\000m\000o\000n\000i\000c\000i\000d\000a\000d}{section.4}% 35
\BOOKMARK [3][-]{subsubsection.4.1.1}{\376\377\000D\000e\000f\000i\000n\000i\000c\000i\000\363\000n\000\040\000y\000\040\000D\000e\000r\000i\000v\000a\000c\000i\000\363\000n}{subsection.4.1}% 36
\BOOKMARK [3][-]{subsubsection.4.1.2}{\376\377\000D\000e\000r\000i\000v\000a\000c\000i\000\363\000n\000\040\000C\000o\000m\000p\000l\000e\000t\000a}{subsection.4.1}% 37
\BOOKMARK [3][-]{subsubsection.4.1.3}{\376\377\000I\000n\000t\000e\000r\000p\000r\000e\000t\000a\000c\000i\000\363\000n\000\040\000F\000\355\000s\000i\000c\000a}{subsection.4.1}% 38
\BOOKMARK [2][-]{subsection.4.2}{\376\377\000I\000n\000h\000a\000r\000m\000o\000n\000i\000c\000i\000t\000\351}{section.4}% 39
\BOOKMARK [3][-]{subsubsection.4.2.1}{\376\377\000D\000\351\000f\000i\000n\000i\000t\000i\000o\000n\000\040\000e\000t\000\040\000D\000\351\000r\000i\000v\000a\000t\000i\000o\000n}{subsection.4.2}% 40
\BOOKMARK [1][-]{section.5}{\376\377\000V\000i\000s\000u\000a\000l\000i\000z\000a\000c\000i\000o\000n\000e\000s\000\040\000/\000\040\000V\000i\000s\000u\000a\000l\000i\000s\000a\000t\000i\000o\000n\000s}{}% 41
\BOOKMARK [2][-]{subsection.5.1}{\376\377\000V\000i\000s\000u\000a\000l\000i\000z\000a\000c\000i\000\363\000n\000\040\0002\000D}{section.5}% 42
\BOOKMARK [2][-]{subsection.5.2}{\376\377\000V\000i\000s\000u\000a\000l\000i\000s\000a\000t\000i\000o\000n\000\040\0002\000D}{section.5}% 43
\BOOKMARK [1][-]{section.6}{\376\377\000C\000a\000s\000o\000s\000\040\000d\000e\000\040\000E\000s\000t\000u\000d\000i\000o\000\040\000/\000\040\000\311\000t\000u\000d\000e\000s\000\040\000d\000e\000\040\000C\000a\000s}{}% 44
\BOOKMARK [2][-]{subsection.6.1}{\376\377\000C\000a\000s\000o\000\040\0001\000:\000\040\000A\000n\000\341\000l\000i\000s\000i\000s\000\040\000d\000e\000\040\000F\000l\000a\000u\000t\000a\000\040\000H\000i\000s\000t\000\363\000r\000i\000c\000a}{section.6}% 45
\BOOKMARK [2][-]{subsection.6.2}{\376\377\000C\000a\000s\000\040\0001\000:\000\040\000A\000n\000a\000l\000y\000s\000e\000\040\000d\000'\000u\000n\000e\000\040\000F\000l\000\373\000t\000e\000\040\000H\000i\000s\000t\000o\000r\000i\000q\000u\000e}{section.6}% 46
